[dbtalden.online/siteoficiall/index.html]
[backblue.gif]
[fade.gif]
[index.html]
[dbtalden.online/siteoficiall/styles.css]
[dbtalden.online/siteoficiall/assets/maxcdn.bootstrapcdn.com/bootstrap/3.3.7/css/bootstrap.min.css]
[dbtalden.online/siteoficiall/assets/code.jquery.com/jquery-1.12.4.js]
[dbtalden.online/siteoficiall/assets/maxcdn.bootstrapcdn.com/bootstrap/3.3.7/js/bootstrap.min.js]
[dbtalden.online/siteoficiall/assets/use.fontawesome.com/106bf6f26c.js]
[connect.facebook.net/en_US/fbevents.js]
[images.converteai.net/292db38a-b0db-420a-bcd1-4ed01c003135/players/631d48ee7cb26a0009d93a91/thumbnail.jpg]
[scripts.converteai.net/292db38a-b0db-420a-bcd1-4ed01c003135/players/631d48ee7cb26a0009d93a91/player.js]
[dbtalden.online/siteoficiall/img/BOTAO2.png]
[dbtalden.online/siteoficiall/img/WhatsApp Image 2022-07-01 at 18.24.57.jpg]
[dbtalden.online/siteoficiall/img/botao-fixo.png]
[dbtalden.online/siteoficiall/index.html]
[dbtalden.online/siteoficiall/styles.css]
[dbtalden.online/siteoficiall/assets/code.jquery.com/jquery-1.12.4.js]
[dbtalden.online/siteoficiall/assets/maxcdn.bootstrapcdn.com/bootstrap/3.3.7/css/bootstrap.min.css]
[dbtalden.online/siteoficiall/Popover requires tooltip.js]
[dbtalden.online/siteoficiall/assets/maxcdn.bootstrapcdn.com/bootstrap/3.3.7/js/bootstrap.min.js]
[dbtalden.online/siteoficiall/assets/use.fontawesome.com/106bf6f26c.js]
[dbtalden.online/siteoficiall/c]
[dbtalden.online/siteoficiall/b]
[dbtalden.online/siteoficiall/POST]
[connect.facebook.net/en_US/fbevents.js]
[dbtalden.online/siteoficiall/Popover requires tooltip.html]
[dbtalden.online/siteoficiall/c.html]
[dbtalden.online/siteoficiall/b.html]
[dbtalden.online/siteoficiall/POST.html]
